0 verbose cli /usr/local/bin/node /usr/local/bin/npm
1 info using npm@10.2.4
2 info using node@v20.11.1
3 timing npm:load:whichnode Completed in 2ms
4 timing config:load:defaults Completed in 1ms
5 timing config:load:file:/usr/local/lib/node_modules/npm/npmrc Completed in 22ms
6 timing config:load:builtin Completed in 22ms
7 timing config:load:cli Completed in 8ms
8 timing config:load:env Completed in 1ms
9 timing config:load:project Completed in 6ms
10 timing config:load:file:/Users/ayou/Desktop/Bolo-Fashion/.npmrc Completed in 8ms
11 timing config:load:user Completed in 8ms
12 timing config:load:file:/usr/local/etc/npmrc Completed in 1ms
13 timing config:load:global Completed in 2ms
14 timing config:load:setEnvs Completed in 1ms
15 timing config:load Completed in 50ms
16 timing npm:load:configload Completed in 51ms
17 timing config:load:flatten Completed in 43ms
18 timing npm:load:mkdirpcache Completed in 1ms
19 timing npm:load:mkdirplogs Completed in 0ms
20 verbose title npm install
21 verbose argv "install"
22 timing npm:load:setTitle Completed in 49ms
23 timing npm:load:display Completed in 0ms
24 verbose logfile logs-max:10 dir:/Users/ayou/Desktop/Bolo-Fashion/.npm-cache/_logs/2026-01-20T20_37_27_415Z-
25 verbose logfile /Users/ayou/Desktop/Bolo-Fashion/.npm-cache/_logs/2026-01-20T20_37_27_415Z-debug-0.log
26 timing npm:load:logFile Completed in 15ms
27 timing npm:load:timers Completed in 0ms
28 timing npm:load:configScope Completed in 0ms
29 timing npm:load Completed in 217ms
30 timing arborist:ctor Completed in 0ms
31 silly logfile done cleaning log files
32 timing idealTree:init Completed in 2891ms
33 timing idealTree:userRequests Completed in 0ms
34 silly idealTree buildDeps
35 silly fetch manifest @expo/metro-runtime@~3.2.3
36 timing arborist:ctor Completed in 0ms
37 http fetch GET 200 https://registry.npmjs.org/@expo%2fmetro-runtime 2517ms (cache revalidated)
38 silly fetch manifest react-native@0.74.1
39 http fetch GET 200 https://registry.npmjs.org/react-native 146ms (cache revalidated)
40 silly fetch manifest @types/react@^18.2.66
41 http fetch GET 200 https://registry.npmjs.org/@types%2freact 202ms (cache revalidated)
42 silly fetch manifest react@18.2.0
43 http fetch GET 200 https://registry.npmjs.org/react 195ms (cache revalidated)
44 silly fetch manifest react-dom@18.2.0
45 http fetch GET 200 https://registry.npmjs.org/react-dom 337ms (cache revalidated)
46 silly fetch manifest react-native-web@~0.19.10
47 http fetch GET 200 https://registry.npmjs.org/react-native-web 493ms (cache miss)
48 silly placeDep ROOT @expo/metro-runtime@3.2.3 OK for: bolo-fashion@0.1.0 want: ~3.2.3
49 silly placeDep ROOT react-dom@18.2.0 OK for: bolo-fashion@0.1.0 want: 18.2.0
50 silly fetch manifest scheduler@^0.23.0
51 silly placeDep ROOT react-native-web@0.19.13 OK for: bolo-fashion@0.1.0 want: ~0.19.10
52 silly fetch manifest styleq@^0.1.3
53 silly fetch manifest memoize-one@^6.0.0
54 silly fetch manifest postcss-value-parser@^4.2.0
55 silly fetch manifest inline-style-prefixer@^6.0.1
56 http fetch GET 200 https://registry.npmjs.org/memoize-one 169ms (cache revalidated)
57 http fetch GET 200 https://registry.npmjs.org/scheduler 254ms (cache revalidated)
58 http fetch GET 200 https://registry.npmjs.org/postcss-value-parser 331ms (cache miss)
59 http fetch GET 200 https://registry.npmjs.org/styleq 396ms (cache miss)
60 http fetch GET 200 https://registry.npmjs.org/inline-style-prefixer 527ms (cache miss)
61 timing idealTree:#root Completed in 4670ms
62 timing idealTree:node_modules/@expo/metro-runtime Completed in 0ms
63 silly placeDep node_modules/react-dom scheduler@0.23.2 OK for: react-dom@18.2.0 want: ^0.23.0
64 timing idealTree:node_modules/react-dom Completed in 3ms
65 silly placeDep ROOT inline-style-prefixer@6.0.4 OK for: react-native-web@0.19.13 want: ^6.0.1
66 silly fetch manifest fast-loops@^1.1.3
67 silly fetch manifest css-in-js-utils@^3.1.0
68 silly placeDep node_modules/react-native-web memoize-one@6.0.0 OK for: react-native-web@0.19.13 want: ^6.0.0
69 silly placeDep ROOT postcss-value-parser@4.2.0 OK for: react-native-web@0.19.13 want: ^4.2.0
70 silly placeDep ROOT styleq@0.1.3 OK for: react-native-web@0.19.13 want: ^0.1.3
71 http fetch GET 200 https://registry.npmjs.org/fast-loops 277ms (cache miss)
72 http fetch GET 200 https://registry.npmjs.org/css-in-js-utils 742ms (cache miss)
73 timing idealTree:node_modules/react-native-web Completed in 751ms
74 silly placeDep ROOT css-in-js-utils@3.1.0 OK for: inline-style-prefixer@6.0.4 want: ^3.1.0
75 silly fetch manifest hyphenate-style-name@^1.0.3
76 silly placeDep ROOT fast-loops@1.1.4 OK for: inline-style-prefixer@6.0.4 want: ^1.1.3
77 http fetch GET 200 https://registry.npmjs.org/hyphenate-style-name 755ms (cache miss)
78 timing idealTree:node_modules/inline-style-prefixer Completed in 763ms
79 silly placeDep ROOT hyphenate-style-name@1.1.0 OK for: css-in-js-utils@3.1.0 want: ^1.0.3
80 timing idealTree:node_modules/css-in-js-utils Completed in 2ms
81 timing idealTree:node_modules/fast-loops Completed in 0ms
82 timing idealTree:node_modules/hyphenate-style-name Completed in 0ms
83 timing idealTree:node_modules/postcss-value-parser Completed in 1ms
84 timing idealTree:node_modules/styleq Completed in 0ms
85 timing idealTree:node_modules/react-dom/node_modules/scheduler Completed in 0ms
86 timing idealTree:node_modules/react-native-web/node_modules/memoize-one Completed in 0ms
87 timing idealTree:buildDeps Completed in 6200ms
88 timing idealTree:fixDepFlags Completed in 29ms
89 timing idealTree Completed in 9143ms
90 timing reify:loadTrees Completed in 9145ms
91 timing reify:diffTrees Completed in 47ms
92 silly reify moves {}
93 timing reify:retireShallow Completed in 9ms
94 timing reify:createSparse Completed in 11ms
95 timing reify:loadBundles Completed in 0ms
96 silly audit bulk request {
96 silly audit   '@babel/code-frame': [ '7.28.6', '7.10.4' ],
96 silly audit   '@babel/compat-data': [ '7.28.6' ],
96 silly audit   '@babel/core': [ '7.28.6' ],
96 silly audit   semver: [ '6.3.1', '5.7.2', '7.7.3' ],
96 silly audit   '@babel/generator': [ '7.28.6', '7.2.0' ],
96 silly audit   '@babel/helper-annotate-as-pure': [ '7.27.3' ],
96 silly audit   '@babel/helper-compilation-targets': [ '7.28.6' ],
96 silly audit   '@babel/helper-create-class-features-plugin': [ '7.28.6' ],
96 silly audit   '@babel/helper-create-regexp-features-plugin': [ '7.28.5' ],
96 silly audit   '@babel/helper-define-polyfill-provider': [ '0.6.5' ],
96 silly audit   '@babel/helper-environment-visitor': [ '7.24.7' ],
96 silly audit   '@babel/helper-globals': [ '7.28.0' ],
96 silly audit   '@babel/helper-member-expression-to-functions': [ '7.28.5' ],
96 silly audit   '@babel/helper-module-imports': [ '7.28.6' ],
96 silly audit   '@babel/helper-module-transforms': [ '7.28.6' ],
96 silly audit   '@babel/helper-optimise-call-expression': [ '7.27.1' ],
96 silly audit   '@babel/helper-plugin-utils': [ '7.28.6' ],
96 silly audit   '@babel/helper-remap-async-to-generator': [ '7.27.1' ],
96 silly audit   '@babel/helper-replace-supers': [ '7.28.6' ],
96 silly audit   '@babel/helper-skip-transparent-expression-wrappers': [ '7.27.1' ],
96 silly audit   '@babel/helper-string-parser': [ '7.27.1' ],
96 silly audit   '@babel/helper-validator-identifier': [ '7.28.5' ],
96 silly audit   '@babel/helper-validator-option': [ '7.27.1' ],
96 silly audit   '@babel/helper-wrap-function': [ '7.28.6' ],
96 silly audit   '@babel/helpers': [ '7.28.6' ],
96 silly audit   '@babel/highlight': [ '7.25.9' ],
96 silly audit   'ansi-styles': [ '3.2.1', '6.2.3', '4.3.0', '5.2.0' ],
96 silly audit   chalk: [ '2.4.2', '4.1.2' ],
96 silly audit   'color-convert': [ '1.9.3', '2.0.1' ],
96 silly audit   'color-name': [ '1.1.3', '1.1.4' ],
96 silly audit   'escape-string-regexp': [ '1.0.5', '4.0.0', '2.0.0' ],
96 silly audit   'has-flag': [ '3.0.0', '4.0.0' ],
96 silly audit   'supports-color': [ '5.5.0', '8.1.1', '7.2.0' ],
96 silly audit   '@babel/parser': [ '7.28.6' ],
96 silly audit   '@babel/plugin-bugfix-firefox-class-in-computed-class-key': [ '7.28.5' ],
96 silly audit   '@babel/plugin-bugfix-safari-class-field-initializer-scope': [ '7.27.1' ],
96 silly audit   '@babel/plugin-bugfix-safari-id-destructuring-collision-in-function-expression': [ '7.27.1' ],
96 silly audit   '@babel/plugin-bugfix-v8-spread-parameters-in-optional-chaining': [ '7.27.1' ],
96 silly audit   '@babel/plugin-bugfix-v8-static-class-fields-redefine-readonly': [ '7.28.6' ],
96 silly audit   '@babel/plugin-proposal-async-generator-functions': [ '7.20.7' ],
96 silly audit   '@babel/plugin-proposal-class-properties': [ '7.18.6' ],
96 silly audit   '@babel/plugin-proposal-decorators': [ '7.28.6' ],
96 silly audit   '@babel/plugin-proposal-export-default-from': [ '7.27.1' ],
96 silly audit   '@babel/plugin-proposal-logical-assignment-operators': [ '7.20.7' ],
96 silly audit   '@babel/plugin-proposal-nullish-coalescing-operator': [ '7.18.6' ],
96 silly audit   '@babel/plugin-proposal-numeric-separator': [ '7.18.6' ],
96 silly audit   '@babel/plugin-proposal-object-rest-spread': [ '7.20.7' ],
96 silly audit   '@babel/plugin-proposal-optional-catch-binding': [ '7.18.6' ],
96 silly audit   '@babel/plugin-proposal-optional-chaining': [ '7.21.0' ],
96 silly audit   '@babel/plugin-proposal-private-property-in-object': [ '7.21.0-placeholder-for-preset-env.2' ],
96 silly audit   '@babel/plugin-syntax-async-generators': [ '7.8.4' ],
96 silly audit   '@babel/plugin-syntax-decorators': [ '7.28.6' ],
96 silly audit   '@babel/plugin-syntax-dynamic-import': [ '7.8.3' ],
96 silly audit   '@babel/plugin-syntax-export-default-from': [ '7.28.6' ],
96 silly audit   '@babel/plugin-syntax-flow': [ '7.28.6' ],
96 silly audit   '@babel/plugin-syntax-import-assertions': [ '7.28.6' ],
96 silly audit   '@babel/plugin-syntax-import-attributes': [ '7.28.6' ],
96 silly audit   '@babel/plugin-syntax-jsx': [ '7.28.6' ],
96 silly audit   '@babel/plugin-syntax-logical-assignment-operators': [ '7.10.4' ],
96 silly audit   '@babel/plugin-syntax-nullish-coalescing-operator': [ '7.8.3' ],
96 silly audit   '@babel/plugin-syntax-numeric-separator': [ '7.10.4' ],
96 silly audit   '@babel/plugin-syntax-object-rest-spread': [ '7.8.3' ],
96 silly audit   '@babel/plugin-syntax-optional-catch-binding': [ '7.8.3' ],
96 silly audit   '@babel/plugin-syntax-optional-chaining': [ '7.8.3' ],
96 silly audit   '@babel/plugin-syntax-typescript': [ '7.28.6' ],
96 silly audit   '@babel/plugin-syntax-unicode-sets-regex': [ '7.18.6' ],
96 silly audit   '@babel/plugin-transform-arrow-functions': [ '7.27.1' ],
96 silly audit   '@babel/plugin-transform-async-generator-functions': [ '7.28.6' ],
96 silly audit   '@babel/plugin-transform-async-to-generator': [ '7.28.6' ],
96 silly audit   '@babel/plugin-transform-block-scoped-functions': [ '7.27.1' ],
96 silly audit   '@babel/plugin-transform-block-scoping': [ '7.28.6' ],
96 silly audit   '@babel/plugin-transform-class-properties': [ '7.28.6' ],
96 silly audit   '@babel/plugin-transform-class-static-block': [ '7.28.6' ],
96 silly audit   '@babel/plugin-transform-classes': [ '7.28.6' ],
96 silly audit   '@babel/plugin-transform-computed-properties': [ '7.28.6' ],
96 silly audit   '@babel/plugin-transform-destructuring': [ '7.28.5' ],
96 silly audit   '@babel/plugin-transform-dotall-regex': [ '7.28.6' ],
96 silly audit   '@babel/plugin-transform-duplicate-keys': [ '7.27.1' ],
96 silly audit   '@babel/plugin-transform-duplicate-named-capturing-groups-regex': [ '7.28.6' ],
96 silly audit   '@babel/plugin-transform-dynamic-import': [ '7.27.1' ],
96 silly audit   '@babel/plugin-transform-explicit-resource-management': [ '7.28.6' ],
96 silly audit   '@babel/plugin-transform-exponentiation-operator': [ '7.28.6' ],
96 silly audit   '@babel/plugin-transform-export-namespace-from': [ '7.27.1' ],
96 silly audit   '@babel/plugin-transform-flow-strip-types': [ '7.27.1' ],
96 silly audit   '@babel/plugin-transform-for-of': [ '7.27.1' ],
96 silly audit   '@babel/plugin-transform-function-name': [ '7.27.1' ],
96 silly audit   '@babel/plugin-transform-json-strings': [ '7.28.6' ],
96 silly audit   '@babel/plugin-transform-literals': [ '7.27.1' ],
96 silly audit   '@babel/plugin-transform-logical-assignment-operators': [ '7.28.6' ],
96 silly audit   '@babel/plugin-transform-member-expression-literals': [ '7.27.1' ],
96 silly audit   '@babel/plugin-transform-modules-amd': [ '7.27.1' ],
96 silly audit   '@babel/plugin-transform-modules-commonjs': [ '7.28.6' ],
96 silly audit   '@babel/plugin-transform-modules-systemjs': [ '7.28.5' ],
96 silly audit   '@babel/plugin-transform-modules-umd': [ '7.27.1' ],
96 silly audit   '@babel/plugin-transform-named-capturing-groups-regex': [ '7.27.1' ],
96 silly audit   '@babel/plugin-transform-new-target': [ '7.27.1' ],
96 silly audit   '@babel/plugin-transform-nullish-coalescing-operator': [ '7.28.6' ],
96 silly audit   '@babel/plugin-transform-numeric-separator': [ '7.28.6' ],
96 silly audit   '@babel/plugin-transform-object-rest-spread': [ '7.28.6' ],
96 silly audit   '@babel/plugin-transform-object-super': [ '7.27.1' ],
96 silly audit   '@babel/plugin-transform-optional-catch-binding': [ '7.28.6' ],
96 silly audit   '@babel/plugin-transform-optional-chaining': [ '7.28.6' ],
96 silly audit   '@babel/plugin-transform-parameters': [ '7.27.7' ],
96 silly audit   '@babel/plugin-transform-private-methods': [ '7.28.6' ],
96 silly audit   '@babel/plugin-transform-private-property-in-object': [ '7.28.6' ],
96 silly audit   '@babel/plugin-transform-property-literals': [ '7.27.1' ],
96 silly audit   '@babel/plugin-transform-react-display-name': [ '7.28.0' ],
96 silly audit   '@babel/plugin-transform-react-jsx': [ '7.28.6' ],
96 silly audit   '@babel/plugin-transform-react-jsx-development': [ '7.27.1' ],
96 silly audit   '@babel/plugin-transform-react-jsx-self': [ '7.27.1' ],
96 silly audit   '@babel/plugin-transform-react-jsx-source': [ '7.27.1' ],
96 silly audit   '@babel/plugin-transform-react-pure-annotations': [ '7.27.1' ],
96 silly audit   '@babel/plugin-transform-regenerator': [ '7.28.6' ],
96 silly audit   '@babel/plugin-transform-regexp-modifiers': [ '7.28.6' ],
96 silly audit   '@babel/plugin-transform-reserved-words': [ '7.27.1' ],
96 silly audit   '@babel/plugin-transform-runtime': [ '7.28.5' ],
96 silly audit   '@babel/plugin-transform-shorthand-properties': [ '7.27.1' ],
96 silly audit   '@babel/plugin-transform-spread': [ '7.28.6' ],
96 silly audit   '@babel/plugin-transform-sticky-regex': [ '7.27.1' ],
96 silly audit   '@babel/plugin-transform-template-literals': [ '7.27.1' ],
96 silly audit   '@babel/plugin-transform-typeof-symbol': [ '7.27.1' ],
96 silly audit   '@babel/plugin-transform-typescript': [ '7.28.6' ],
96 silly audit   '@babel/plugin-transform-unicode-escapes': [ '7.27.1' ],
96 silly audit   '@babel/plugin-transform-unicode-property-regex': [ '7.28.6' ],
96 silly audit   '@babel/plugin-transform-unicode-regex': [ '7.27.1' ],
96 silly audit   '@babel/plugin-transform-unicode-sets-regex': [ '7.28.6' ],
96 silly audit   '@babel/preset-env': [ '7.28.6' ],
96 silly audit   '@babel/preset-flow': [ '7.27.1' ],
96 silly audit   '@babel/preset-modules': [ '0.1.6-no-external-plugins' ],
96 silly audit   '@babel/preset-react': [ '7.28.5' ],
96 silly audit   '@babel/preset-typescript': [ '7.28.5' ],
96 silly audit   '@babel/register': [ '7.28.6' ],
96 silly audit   '@babel/runtime': [ '7.28.6' ],
96 silly audit   '@babel/template': [ '7.28.6' ],
96 silly audit   '@babel/traverse': [ '7.28.6' ],
96 silly audit   '@babel/types': [ '7.28.6' ],
96 silly audit   '@eslint-community/eslint-utils': [ '4.9.1' ],
96 silly audit   '@eslint-community/regexpp': [ '4.12.2' ],
96 silly audit   '@eslint/eslintrc': [ '2.1.4' ],
96 silly audit   'brace-expansion': [ '1.1.12', '2.0.2' ],
96 silly audit   minimatch: [ '3.1.2', '9.0.5', '9.0.3' ],
96 silly audit   '@eslint/js': [ '8.57.1' ],
96 silly audit   '@expo/bunyan': [ '4.0.1' ],
96 silly audit   '@expo/cli': [ '0.18.31' ],
96 silly audit   argparse: [ '1.0.10', '2.0.1' ],
96 silly audit   'js-yaml': [ '3.14.2', '4.1.1' ],
96 silly audit   '@expo/code-signing-certificates': [ '0.0.5' ],
96 silly audit   '@expo/config': [ '9.0.4' ],
96 silly audit   '@expo/config-plugins': [ '8.0.11' ],
96 silly audit   glob: [ '7.1.6', '10.5.0', '7.2.3' ],
96 silly audit   '@expo/config-types': [ '51.0.3' ],
96 silly audit   '@expo/devcert': [ '1.2.1' ],
96 silly audit   debug: [ '3.2.7', '2.6.9', '4.4.3' ],
96 silly audit   '@expo/env': [ '0.3.0' ],
96 silly audit   '@expo/image-utils': [ '0.5.1' ],
96 silly audit   'crypto-random-string': [ '1.0.0', '2.0.0' ],
96 silly audit   'fs-extra': [ '9.0.0', '9.1.0', '8.1.0' ],
96 silly audit   jsonfile: [ '6.2.0', '4.0.0' ],
96 silly audit   universalify: [ '2.0.1', '1.0.0', '0.1.2' ],
96 silly audit   'temp-dir': [ '1.0.0', '2.0.0' ],
96 silly audit   tempy: [ '0.3.0', '0.7.1' ],
96 silly audit   'type-fest': [ '0.3.1', '0.21.3', '0.7.1', '0.16.0', '0.20.2' ],
96 silly audit   'unique-string': [ '1.0.0', '2.0.0' ],
96 silly audit   '@expo/json-file': [ '8.3.3', '10.0.8' ],
96 silly audit   '@expo/metro-config': [ '0.18.11' ],
96 silly audit   '@expo/osascript': [ '2.3.8' ],
96 silly audit   '@expo/package-manager': [ '1.9.10' ],
96 silly audit   'hosted-git-info': [ '7.0.2', '3.0.8' ],
96 silly audit   'lru-cache': [ '10.4.3', '6.0.0', '5.1.1' ],
96 silly audit   'npm-package-arg': [ '11.0.3', '7.0.0' ],
96 silly audit   'validate-npm-package-name': [ '5.0.1', '3.0.0' ],
96 silly audit   '@expo/plist': [ '0.1.3' ],
96 silly audit   '@expo/prebuild-config': [ '7.0.9' ],
96 silly audit   '@expo/rudder-sdk-node': [ '1.1.1' ],
96 silly audit   '@expo/sdk-runtime-versions': [ '1.0.0' ],
96 silly audit   '@expo/spawn-async': [ '1.7.2' ],
96 silly audit   '@expo/sudo-prompt': [ '9.3.2' ],
96 silly audit   '@expo/vector-icons': [ '14.1.0' ],
96 silly audit   '@expo/xcpretty': [ '4.3.2' ],
96 silly audit   '@graphql-typed-document-node/core': [ '3.2.0' ],
96 silly audit   '@hapi/hoek': [ '9.3.0' ],
96 silly audit   '@hapi/topo': [ '5.1.0' ],
96 silly audit   '@humanwhocodes/config-array': [ '0.13.0' ],
96 silly audit   '@humanwhocodes/module-importer': [ '1.0.1' ],
96 silly audit   '@humanwhocodes/object-schema': [ '2.0.3' ],
96 silly audit   '@isaacs/cliui': [ '8.0.2' ],
96 silly audit   'ansi-regex': [ '6.2.2', '4.1.1', '5.0.1' ],
96 silly audit   'emoji-regex': [ '9.2.2', '8.0.0' ],
96 silly audit   'string-width': [ '5.1.2', '4.2.3' ],
96 silly audit   'strip-ansi': [ '7.1.2', '6.0.1', '5.2.0' ],
96 silly audit   'wrap-ansi': [ '8.1.0', '6.2.0', '7.0.0' ],
96 silly audit   '@isaacs/ttlcache': [ '1.4.1' ],
96 silly audit   '@jest/create-cache-key-function': [ '29.7.0' ],
96 silly audit   '@jest/environment': [ '29.7.0' ],
96 silly audit   '@jest/fake-timers': [ '29.7.0' ],
96 silly audit   '@jest/schemas': [ '29.6.3' ],
96 silly audit   '@jest/types': [ '29.6.3', '24.9.0', '26.6.2' ],
96 silly audit   '@jridgewell/gen-mapping': [ '0.3.13' ],
96 silly audit   '@jridgewell/remapping': [ '2.3.5' ],
96 silly audit   '@jridgewell/resolve-uri': [ '3.1.2' ],
96 silly audit   '@jridgewell/source-map': [ '0.3.11' ],
96 silly audit   '@jridgewell/sourcemap-codec': [ '1.5.5' ],
96 silly audit   '@jridgewell/trace-mapping': [ '0.3.31' ],
96 silly audit   '@nodelib/fs.scandir': [ '2.1.5' ],
96 silly audit   '@nodelib/fs.stat': [ '2.0.5' ],
96 silly audit   '@nodelib/fs.walk': [ '1.2.8' ],
96 silly audit   '@npmcli/fs': [ '3.1.1' ],
96 silly audit   '@pkgjs/parseargs': [ '0.11.0' ],
96 silly audit   '@react-native-community/cli': [ '13.6.6' ],
96 silly audit   '@react-native-community/cli-clean': [ '13.6.6' ],
96 silly audit   execa: [ '5.1.1', '1.0.0' ],
96 silly audit   'get-stream': [ '6.0.1', '4.1.0' ],
96 silly audit   'is-stream': [ '2.0.1', '1.1.0' ],
96 silly audit   'mimic-fn': [ '2.1.0', '1.2.0' ],
96 silly audit   'npm-run-path': [ '4.0.1', '2.0.2' ],
96 silly audit   onetime: [ '5.1.2', '2.0.1' ],
96 silly audit   '@react-native-community/cli-config': [ '13.6.6' ],
96 silly audit   '@react-native-community/cli-debugger-ui': [ '13.6.6' ],
96 silly audit   '@react-native-community/cli-doctor': [ '13.6.6' ],
96 silly audit   'cli-cursor': [ '3.1.0', '2.1.0' ],
96 silly audit   'log-symbols': [ '4.1.0', '2.2.0' ],
96 silly audit   ora: [ '5.4.1', '3.4.0' ],
96 silly audit   'restore-cursor': [ '3.1.0', '2.0.0' ],
96 silly audit   '@react-native-community/cli-hermes': [ '13.6.6' ],
96 silly audit   '@react-native-community/cli-platform-android': [ '13.6.6' ],
96 silly audit   '@react-native-community/cli-platform-apple': [ '13.6.6' ],
96 silly audit   '@react-native-community/cli-platform-ios': [ '13.6.6' ],
96 silly audit   '@react-native-community/cli-server-api': [ '13.6.6' ],
96 silly audit   ws: [ '6.2.3', '7.5.10', '8.19.0' ],
96 silly audit   '@react-native-community/cli-tools': [ '13.6.6' ],
96 silly audit   'is-wsl': [ '1.1.0', '2.2.0' ],
96 silly audit   open: [ '6.4.0', '7.4.2', '8.4.2' ],
96 silly audit   '@react-native-community/cli-types': [ '13.6.6' ],
96 silly audit   commander: [ '9.5.0', '7.2.0', '4.1.1', '2.20.3' ],
96 silly audit   'find-up': [ '4.1.0', '5.0.0', '3.0.0' ],
96 silly audit   'locate-path': [ '5.0.0', '6.0.0', '3.0.0' ],
96 silly audit   'p-limit': [ '2.3.0', '3.1.0' ],
96 silly audit   'p-locate': [ '4.1.0', '5.0.0', '3.0.0' ],
96 silly audit   '@react-native/assets-registry': [ '0.74.83' ],
96 silly audit   '@react-native/babel-plugin-codegen': [ '0.73.4', '0.74.83', '0.74.87' ],
96 silly audit   '@react-native/babel-preset': [ '0.73.21', '0.74.83', '0.74.87' ],
96 silly audit   '@react-native/codegen': [ '0.73.3', '0.74.83', '0.74.87' ],
96 silly audit   '@react-native/community-cli-plugin': [ '0.74.83' ],
96 silly audit   '@react-native/debugger-frontend': [ '0.74.83', '0.74.85' ],
96 silly audit   '@react-native/dev-middleware': [ '0.74.83', '0.74.85' ],
96 silly audit   ms: [ '2.0.0', '2.1.3' ],
96 silly audit   '@react-native/gradle-plugin': [ '0.74.83' ],
96 silly audit   '@react-native/js-polyfills': [ '0.74.83' ],
96 silly audit   '@react-native/metro-babel-transformer': [ '0.74.83' ],
96 silly audit   '@react-native/normalize-colors': [ '0.74.85', '0.74.83' ],
96 silly audit   '@react-native/virtualized-lists': [ '0.74.83' ],
96 silly audit   '@react-navigation/core': [ '6.4.17' ],
96 silly audit   '@react-navigation/elements': [ '1.3.31' ],
96 silly audit   '@react-navigation/native': [ '6.1.18' ],
96 silly audit   '@react-navigation/native-stack': [ '6.11.0' ],
96 silly audit   '@react-navigation/routers': [ '6.1.9' ],
96 silly audit   '@rnx-kit/chromium-edge-launcher': [ '1.0.0' ],
96 silly audit   mkdirp: [ '1.0.4', '0.5.6' ],
96 silly audit   '@segment/loosely-validate-event': [ '2.0.0' ],
96 silly audit   '@sideway/address': [ '4.1.5' ],
96 silly audit   '@sideway/formula': [ '3.0.1' ],
96 silly audit   '@sideway/pinpoint': [ '2.0.0' ],
96 silly audit   '@sinclair/typebox': [ '0.27.8' ],
96 silly audit   '@sinonjs/commons': [ '3.0.1' ],
96 silly audit   '@sinonjs/fake-timers': [ '10.3.0' ],
96 silly audit   '@types/istanbul-lib-coverage': [ '2.0.6' ],
96 silly audit   '@types/istanbul-lib-report': [ '3.0.3' ],
96 silly audit   '@types/istanbul-reports': [ '3.0.4', '1.1.2' ],
96 silly audit   '@types/json-schema': [ '7.0.15' ],
96 silly audit   '@types/node': [ '18.19.130' ],
96 silly audit   '@types/node-forge': [ '1.3.14' ],
96 silly audit   '@types/prop-types': [ '15.7.15' ],
96 silly audit   '@types/react': [ '18.3.27' ],
96 silly audit   '@types/react-native': [ '0.73.0' ],
96 silly audit   '@types/semver': [ '7.7.1' ],
96 silly audit   '@types/stack-utils': [ '2.0.3' ],
96 silly audit   '@types/yargs': [ '17.0.35', '13.0.12', '15.0.20' ],
96 silly audit   '@types/yargs-parser': [ '21.0.3' ],
96 silly audit   '@typescript-eslint/eslint-plugin': [ '6.21.0' ],
96 silly audit   '@typescript-eslint/parser': [ '6.21.0' ],
96 silly audit   '@typescript-eslint/scope-manager': [ '6.21.0' ],
96 silly audit   '@typescript-eslint/type-utils': [ '6.21.0' ],
96 silly audit   '@typescript-eslint/types': [ '6.21.0' ],
96 silly audit   '@typescript-eslint/typescript-estree': [ '6.21.0' ],
96 silly audit   '@typescript-eslint/utils': [ '6.21.0' ],
96 silly audit   '@typescript-eslint/visitor-keys': [ '6.21.0' ],
96 silly audit   '@ungap/structured-clone': [ '1.3.0' ],
96 silly audit   '@urql/core': [ '2.3.6' ],
96 silly audit   '@urql/exchange-retry': [ '0.3.0' ],
96 silly audit   '@xmldom/xmldom': [ '0.7.13', '0.8.11' ],
96 silly audit   'abort-controller': [ '3.0.0' ],
96 silly audit   accepts: [ '1.3.8' ],
96 silly audit   acorn: [ '8.15.0' ],
96 silly audit   'acorn-jsx': [ '5.3.2' ],
96 silly audit   'agent-base': [ '6.0.2' ],
96 silly audit   'aggregate-error': [ '3.1.0' ],
96 silly audit   ajv: [ '6.12.6' ],
96 silly audit   anser: [ '1.4.10' ],
96 silly audit   'ansi-escapes': [ '4.3.2' ],
96 silly audit   'ansi-fragments': [ '0.2.1' ],
96 silly audit   'any-promise': [ '1.3.0' ],
96 silly audit   anymatch: [ '3.1.3' ],
96 silly audit   picomatch: [ '2.3.1', '3.0.1' ],
96 silly audit   appdirsjs: [ '1.2.7' ],
96 silly audit   arg: [ '5.0.2' ],
96 silly audit   'array-buffer-byte-length': [ '1.0.2' ],
96 silly audit   'array-union': [ '2.1.0' ],
96 silly audit   'arraybuffer.prototype.slice': [ '1.0.4' ],
96 silly audit   asap: [ '2.0.6' ],
96 silly audit   'ast-types': [ '0.15.2' ],
96 silly audit   'astral-regex': [ '1.0.0' ],
96 silly audit   'async-function': [ '1.0.0' ],
96 silly audit   'async-limiter': [ '1.0.1' ],
96 silly audit   asynckit: [ '0.4.0' ],
96 silly audit   'at-least-node': [ '1.0.0' ],
96 silly audit   'available-typed-arrays': [ '1.0.7' ],
96 silly audit   'babel-core': [ '7.0.0-bridge.0' ],
96 silly audit   'babel-plugin-polyfill-corejs2': [ '0.4.14' ],
96 silly audit   'babel-plugin-polyfill-corejs3': [ '0.13.0' ],
96 silly audit   'babel-plugin-polyfill-regenerator': [ '0.6.5' ],
96 silly audit   'babel-plugin-react-compiler': [ '0.0.0-experimental-592953e-20240517' ],
96 silly audit   jsesc: [ '2.5.2', '3.1.0' ],
96 silly audit   'pretty-format': [ '24.9.0', '29.7.0', '26.6.2' ],
96 silly audit   'source-map': [ '0.5.7', '0.6.1', '0.7.6' ],
96 silly audit   'babel-plugin-react-native-web': [ '0.18.12', '0.19.13' ],
96 silly audit   'babel-plugin-transform-flow-enums': [ '0.0.2' ],
96 silly audit   'babel-preset-expo': [ '10.0.2', '11.0.15' ],
96 silly audit   'balanced-match': [ '1.0.2' ],
96 silly audit   'base64-js': [ '1.5.1' ],
96 silly audit   'baseline-browser-mapping': [ '2.9.16' ],
96 silly audit   'better-opn': [ '3.0.2' ],
96 silly audit   'big-integer': [ '1.6.52' ],
96 silly audit   bl: [ '4.1.0' ],
96 silly audit   'readable-stream': [ '3.6.2', '2.3.8' ],
96 silly audit   'bplist-creator': [ '0.0.7', '0.1.0' ],
96 silly audit   'bplist-parser': [ '0.3.2', '0.3.1' ],
96 silly audit   braces: [ '3.0.3' ],
96 silly audit   browserslist: [ '4.28.1' ],
96 silly audit   bser: [ '2.1.1' ],
96 silly audit   buffer: [ '5.7.1' ],
96 silly audit   'buffer-alloc': [ '1.2.0' ],
96 silly audit   'buffer-alloc-unsafe': [ '1.1.0' ],
96 silly audit   'buffer-fill': [ '1.0.0' ],
96 silly audit   'buffer-from': [ '1.1.2' ],
96 silly audit   builtins: [ '1.0.3' ],
96 silly audit   bytes: [ '3.1.2' ],
96 silly audit   cacache: [ '18.0.4' ],
96 silly audit   'call-bind': [ '1.0.8' ],
96 silly audit   'call-bind-apply-helpers': [ '1.0.2' ],
96 silly audit   'call-bound': [ '1.0.4' ],
96 silly audit   'caller-callsite': [ '2.0.0' ],
96 silly audit   callsites: [ '2.0.0', '3.1.0' ],
96 silly audit   'caller-path': [ '2.0.0' ],
96 silly audit   camelcase: [ '6.3.0', '5.3.1' ],
96 silly audit   'caniuse-lite': [ '1.0.30001765' ],
96 silly audit   charenc: [ '0.0.2' ],
96 silly audit   chownr: [ '2.0.0' ],
96 silly audit   'chrome-launcher': [ '0.15.2' ],
96 silly audit   'ci-info': [ '3.9.0', '2.0.0' ],
96 silly audit   'clean-stack': [ '2.2.0' ],
96 silly audit   'cli-spinners': [ '2.9.2' ],
96 silly audit   cliui: [ '8.0.1', '6.0.0' ],
96 silly audit   clone: [ '2.1.2', '1.0.4' ],
96 silly audit   'clone-deep': [ '4.0.1' ],
96 silly audit   colorette: [ '1.4.0' ],
96 silly audit   'combined-stream': [ '1.0.8' ],
96 silly audit   'command-exists': [ '1.2.9' ],
96 silly audit   commondir: [ '1.0.1' ],
96 silly audit   'component-type': [ '1.2.2' ],
96 silly audit   compressible: [ '2.0.18' ],
96 silly audit   compression: [ '1.8.1' ],
96 silly audit   negotiator: [ '0.6.4', '0.6.3' ],
96 silly audit   'concat-map': [ '0.0.1' ],
96 silly audit   connect: [ '3.7.0' ],
96 silly audit   'convert-source-map': [ '2.0.0' ],
96 silly audit   'core-js-compat': [ '3.47.0' ],
96 silly audit   'core-util-is': [ '1.0.3' ],
96 silly audit   cosmiconfig: [ '5.2.1' ],
96 silly audit   'import-fresh': [ '2.0.0', '3.3.1' ],
96 silly audit   'resolve-from': [ '3.0.0', '4.0.0', '5.0.0' ],
96 silly audit   'cross-fetch': [ '3.2.0' ],
96 silly audit   'cross-spawn': [ '7.0.6', '6.0.6' ],
96 silly audit   crypt: [ '0.0.2' ],
96 silly audit   csstype: [ '3.2.3' ],
96 silly audit   'dag-map': [ '1.0.2' ],
96 silly audit   'data-view-buffer': [ '1.0.2' ],
96 silly audit   'data-view-byte-length': [ '1.0.2' ],
96 silly audit   'data-view-byte-offset': [ '1.0.1' ],
96 silly audit   dayjs: [ '1.11.19' ],
96 silly audit   decamelize: [ '1.2.0' ],
96 silly audit   'decode-uri-component': [ '0.2.2' ],
96 silly audit   'deep-extend': [ '0.6.0' ],
96 silly audit   'deep-is': [ '0.1.4' ],
96 silly audit   deepmerge: [ '4.3.1' ],
96 silly audit   'default-gateway': [ '4.2.0' ],
96 silly audit   defaults: [ '1.0.4' ],
96 silly audit   'define-data-property': [ '1.1.4' ],
96 silly audit   'define-lazy-prop': [ '2.0.0' ],
96 silly audit   'define-properties': [ '1.2.1' ],
96 silly audit   del: [ '6.1.1' ],
96 silly audit   'delayed-stream': [ '1.0.0' ],
96 silly audit   denodeify: [ '1.2.1' ],
96 silly audit   depd: [ '2.0.0' ],
96 silly audit   destroy: [ '1.2.0' ],
96 silly audit   'detect-libc': [ '1.0.3' ],
96 silly audit   'dir-glob': [ '3.0.1' ],
96 silly audit   doctrine: [ '3.0.0' ],
96 silly audit   dotenv: [ '16.4.7' ],
96 silly audit   'dotenv-expand': [ '11.0.7' ],
96 silly audit   'dunder-proto': [ '1.0.1' ],
96 silly audit   eastasianwidth: [ '0.2.0' ],
96 silly audit   'ee-first': [ '1.1.1' ],
96 silly audit   'electron-to-chromium': [ '1.5.267' ],
96 silly audit   encodeurl: [ '1.0.2', '2.0.0' ],
96 silly audit   'end-of-stream': [ '1.4.5' ],
96 silly audit   'env-editor': [ '0.4.2' ],
96 silly audit   envinfo: [ '7.21.0' ],
96 silly audit   'error-ex': [ '1.3.4' ],
96 silly audit   'error-stack-parser': [ '2.1.4' ],
96 silly audit   errorhandler: [ '1.5.2' ],
96 silly audit   'es-abstract': [ '1.24.1' ],
96 silly audit   'es-define-property': [ '1.0.1' ],
96 silly audit   'es-errors': [ '1.3.0' ],
96 silly audit   'es-object-atoms': [ '1.1.1' ],
96 silly audit   'es-set-tostringtag': [ '2.1.0' ],
96 silly audit   'es-to-primitive': [ '1.3.0' ],
96 silly audit   escalade: [ '3.2.0' ],
96 silly audit   'escape-html': [ '1.0.3' ],
96 silly audit   eslint: [ '8.57.1' ],
96 silly audit   'eslint-scope': [ '7.2.2' ],
96 silly audit   'eslint-visitor-keys': [ '3.4.3' ],
96 silly audit   espree: [ '9.6.1' ],
96 silly audit   esprima: [ '4.0.1' ],
96 silly audit   esquery: [ '1.7.0' ],
96 silly audit   esrecurse: [ '4.3.0' ],
96 silly audit   estraverse: [ '5.3.0' ],
96 silly audit   esutils: [ '2.0.3' ],
96 silly audit   etag: [ '1.8.1' ],
96 silly audit   'event-target-shim': [ '5.0.1' ],
96 silly audit   'exec-async': [ '2.2.0' ],
96 silly audit   'path-key': [ '2.0.1', '3.1.1' ],
96 silly audit   'shebang-command': [ '1.2.0', '2.0.0' ],
96 silly audit   'shebang-regex': [ '1.0.0', '3.0.0' ],
96 silly audit   which: [ '1.3.1', '2.0.2' ],
96 silly audit   expo: [ '51.0.39' ],
96 silly audit   'expo-asset': [ '10.0.10' ],
96 silly audit   'expo-constants': [ '16.0.2' ],
96 silly audit   'expo-file-system': [ '17.0.1' ],
96 silly audit   'expo-font': [ '12.0.10' ],
96 silly audit   'expo-image-loader': [ '4.7.0' ],
96 silly audit   'expo-image-picker': [ '15.1.0' ],
96 silly audit   'expo-keep-awake': [ '13.0.2' ],
96 silly audit   'expo-modules-autolinking': [ '1.11.3' ],
96 silly audit   'expo-modules-core': [ '1.12.26' ],
96 silly audit   'expo-status-bar': [ '1.12.1' ],
96 silly audit   'react-refresh': [ '0.14.2', '0.14.0' ],
96 silly audit   'exponential-backoff': [ '3.1.3' ],
96 silly audit   'fast-deep-equal': [ '3.1.3' ],
96 silly audit   'fast-glob': [ '3.3.3' ],
96 silly audit   'glob-parent': [ '5.1.2', '6.0.2' ],
96 silly audit   'fast-json-stable-stringify': [ '2.1.0' ],
96 silly audit   'fast-levenshtein': [ '2.0.6' ],
96 silly audit   'fast-xml-parser': [ '4.5.3' ],
96 silly audit   fastq: [ '1.20.1' ],
96 silly audit   'fb-watchman': [ '2.0.2' ],
96 silly audit   fbemitter: [ '3.0.0' ],
96 silly audit   fbjs: [ '3.0.5' ],
96 silly audit   'fbjs-css-vars': [ '1.0.2' ],
96 silly audit   'fetch-retry': [ '4.1.1' ],
96 silly audit   'file-entry-cache': [ '6.0.1' ],
96 silly audit   'fill-range': [ '7.1.1' ],
96 silly audit   'filter-obj': [ '1.1.0' ],
96 silly audit   finalhandler: [ '1.1.2' ],
96 silly audit   'find-cache-dir': [ '2.1.0' ],
96 silly audit   'find-yarn-workspace-root': [ '2.0.0' ],
96 silly audit   'flat-cache': [ '3.2.0' ],
96 silly audit   flatted: [ '3.3.3' ],
96 silly audit   'flow-enums-runtime': [ '0.0.6' ],
96 silly audit   'flow-parser': [ '0.206.0' ],
96 silly audit   fontfaceobserver: [ '2.3.0' ],
96 silly audit   'for-each': [ '0.3.5' ],
96 silly audit   'foreground-child': [ '3.3.1' ],
96 silly audit   'signal-exit': [ '4.1.0', '3.0.7' ],
96 silly audit   'form-data': [ '3.0.4' ],
96 silly audit   'freeport-async': [ '2.0.0' ],
96 silly audit   fresh: [ '0.5.2' ],
96 silly audit   'fs-minipass': [ '3.0.3', '2.1.0' ],
96 silly audit   'fs.realpath': [ '1.0.0' ],
96 silly audit   fsevents: [ '2.3.3' ],
96 silly audit   'function-bind': [ '1.1.2' ],
96 silly audit   'function.prototype.name': [ '1.1.8' ],
96 silly audit   'functions-have-names': [ '1.2.3' ],
96 silly audit   'generator-function': [ '2.0.1' ],
96 silly audit   gensync: [ '1.0.0-beta.2' ],
96 silly audit   'get-caller-file': [ '2.0.5' ],
96 silly audit   'get-intrinsic': [ '1.3.0' ],
96 silly audit   'get-proto': [ '1.0.1' ],
96 silly audit   'get-symbol-description': [ '1.1.0' ],
96 silly audit   getenv: [ '1.0.0' ],
96 silly audit   globals: [ '13.24.0' ],
96 silly audit   globalthis: [ '1.0.4' ],
96 silly audit   globby: [ '11.1.0' ],
96 silly audit   gopd: [ '1.2.0' ],
96 silly audit   'graceful-fs': [ '4.2.11' ],
96 silly audit   graphemer: [ '1.4.0' ],
96 silly audit   graphql: [ '15.8.0' ],
96 silly audit   'graphql-tag': [ '2.12.6' ],
96 silly audit   'has-bigints': [ '1.1.0' ],
96 silly audit   'has-property-descriptors': [ '1.0.2' ],
96 silly audit   'has-proto': [ '1.2.0' ],
96 silly audit   'has-symbols': [ '1.1.0' ],
96 silly audit   'has-tostringtag': [ '1.0.2' ],
96 silly audit   hasown: [ '2.0.2' ],
96 silly audit   'hermes-estree': [ '0.19.1', '0.23.1' ],
96 silly audit   'hermes-parser': [ '0.19.1', '0.23.1' ],
96 silly audit   'hermes-profile-transformer': [ '0.0.6' ],
96 silly audit   yallist: [ '4.0.0', '3.1.1' ],
96 silly audit   'http-errors': [ '2.0.0', '2.0.1' ],
96 silly audit   statuses: [ '2.0.1', '2.0.2', '1.5.0' ],
96 silly audit   'https-proxy-agent': [ '5.0.1' ],
96 silly audit   'human-signals': [ '2.1.0' ],
96 silly audit   ieee754: [ '1.2.1' ],
96 silly audit   ignore: [ '5.3.2' ],
96 silly audit   'image-size': [ '1.2.1' ],
96 silly audit   imurmurhash: [ '0.1.4' ],
96 silly audit   'indent-string': [ '4.0.0' ],
96 silly audit   inflight: [ '1.0.6' ],
96 silly audit   inherits: [ '2.0.4' ],
96 silly audit   ini: [ '1.3.8' ],
96 silly audit   'internal-ip': [ '4.3.0' ],
96 silly audit   'internal-slot': [ '1.1.0' ],
96 silly audit   invariant: [ '2.2.4' ],
96 silly audit   'ip-regex': [ '2.1.0' ],
96 silly audit   'ipaddr.js': [ '1.9.1' ],
96 silly audit   'is-array-buffer': [ '3.0.5' ],
96 silly audit   'is-arrayish': [ '0.2.1' ],
96 silly audit   'is-async-function': [ '2.1.1' ],
96 silly audit   'is-bigint': [ '1.1.0' ],
96 silly audit   'is-boolean-object': [ '1.2.2' ],
96 silly audit   'is-buffer': [ '1.1.6' ],
96 silly audit   'is-callable': [ '1.2.7' ],
96 silly audit   'is-core-module': [ '2.16.1' ],
96 silly audit   'is-data-view': [ '1.0.2' ],
96 silly audit   'is-date-object': [ '1.1.0' ],
96 silly audit   'is-directory': [ '0.3.1' ],
96 silly audit   'is-docker': [ '2.2.1' ],
96 silly audit   'is-extglob': [ '2.1.1', '1.0.0' ],
96 silly audit   'is-finalizationregistry': [ '1.1.1' ],
96 silly audit   'is-fullwidth-code-point': [ '2.0.0', '3.0.0' ],
96 silly audit   'is-generator-function': [ '1.1.2' ],
96 silly audit   'is-glob': [ '4.0.3', '2.0.1' ],
96 silly audit   'is-interactive': [ '1.0.0' ],
96 silly audit   'is-invalid-path': [ '0.1.0' ],
96 silly audit   'is-map': [ '2.0.3' ],
96 silly audit   'is-negative-zero': [ '2.0.3' ],
96 silly audit   'is-number': [ '7.0.0' ],
96 silly audit   'is-number-object': [ '1.1.1' ],
96 silly audit   'is-path-cwd': [ '2.2.0' ],
96 silly audit   'is-path-inside': [ '3.0.3' ],
96 silly audit   'is-plain-object': [ '2.0.4' ],
96 silly audit   'is-regex': [ '1.2.1' ],
96 silly audit   'is-set': [ '2.0.3' ],
96 silly audit   'is-shared-array-buffer': [ '1.0.4' ],
96 silly audit   'is-string': [ '1.1.1' ],
96 silly audit   'is-symbol': [ '1.1.1' ],
96 silly audit   'is-typed-array': [ '1.1.15' ],
96 silly audit   'is-unicode-supported': [ '0.1.0' ],
96 silly audit   'is-valid-path': [ '0.1.1' ],
96 silly audit   'is-weakmap': [ '2.0.2' ],
96 silly audit   'is-weakref': [ '1.1.1' ],
96 silly audit   'is-weakset': [ '2.0.4' ],
96 silly audit   isarray: [ '1.0.0', '2.0.5' ],
96 silly audit   isexe: [ '2.0.0' ],
96 silly audit   isobject: [ '3.0.1' ],
96 silly audit   jackspeak: [ '3.4.3' ],
96 silly audit   'jest-environment-node': [ '29.7.0' ],
96 silly audit   'jest-get-type': [ '29.6.3' ],
96 silly audit   'jest-message-util': [ '29.7.0' ],
96 silly audit   'react-is': [ '18.3.1', '17.0.2', '16.13.1' ],
96 silly audit   'jest-mock': [ '29.7.0' ],
96 silly audit   'jest-util': [ '29.7.0' ],
96 silly audit   'jest-validate': [ '29.7.0' ],
96 silly audit   'jest-worker': [ '29.7.0' ],
96 silly audit   'jimp-compact': [ '0.16.1' ],
96 silly audit   joi: [ '17.13.3' ],
96 silly audit   'join-component': [ '1.1.0' ],
96 silly audit   'js-tokens': [ '4.0.0' ],
96 silly audit   'jsc-android': [ '250231.0.0' ],
96 silly audit   'jsc-safe-url': [ '0.2.4' ],
96 silly audit   jscodeshift: [ '0.14.0' ],
96 silly audit   'json-buffer': [ '3.0.1' ],
96 silly audit   'json-parse-better-errors': [ '1.0.2' ],
96 silly audit   'json-schema-deref-sync': [ '0.13.0' ],
96 silly audit   md5: [ '2.2.1', '2.3.0' ],
96 silly audit   'json-schema-traverse': [ '0.4.1' ],
96 silly audit   'json-stable-stringify-without-jsonify': [ '1.0.1' ],
96 silly audit   json5: [ '2.2.3' ],
96 silly audit   keyv: [ '4.5.4' ],
96 silly audit   'kind-of': [ '6.0.3' ],
96 silly audit   kleur: [ '3.0.3' ],
96 silly audit   leven: [ '3.1.0' ],
96 silly audit   levn: [ '0.4.1' ],
96 silly audit   'lighthouse-logger': [ '1.4.2' ],
96 silly audit   lightningcss: [ '1.19.0' ],
96 silly audit   'lightningcss-darwin-arm64': [ '1.19.0' ],
96 silly audit   'lightningcss-darwin-x64': [ '1.19.0' ],
96 silly audit   'lightningcss-linux-arm-gnueabihf': [ '1.19.0' ],
96 silly audit   'lightningcss-linux-arm64-gnu': [ '1.19.0' ],
96 silly audit   'lightningcss-linux-arm64-musl': [ '1.19.0' ],
96 silly audit   'lightningcss-linux-x64-gnu': [ '1.19.0' ],
96 silly audit   'lightningcss-linux-x64-musl': [ '1.19.0' ],
96 silly audit   'lightningcss-win32-x64-msvc': [ '1.19.0' ],
96 silly audit   'lines-and-columns': [ '1.2.4' ],
96 silly audit   lodash: [ '4.17.21' ],
96 silly audit   'lodash.debounce': [ '4.0.8' ],
96 silly audit   'lodash.merge': [ '4.6.2' ],
96 silly audit   'lodash.throttle': [ '4.1.1' ],
96 silly audit   logkitty: [ '0.7.1' ],
96 silly audit   y18n: [ '4.0.3', '5.0.8' ],
96 silly audit   yargs: [ '15.4.1', '17.7.2' ],
96 silly audit   'yargs-parser': [ '18.1.3', '21.1.1' ],
96 silly audit   'loose-envify': [ '1.4.0' ],
96 silly audit   'make-dir': [ '2.1.0' ],
96 silly audit   makeerror: [ '1.0.12' ],
96 silly audit   marky: [ '1.3.0' ],
96 silly audit   'math-intrinsics': [ '1.1.0' ],
96 silly audit   'md5-file': [ '3.2.3' ],
96 silly audit   md5hex: [ '1.0.0' ],
96 silly audit   'memoize-one': [ '5.2.1', '6.0.0' ],
96 silly audit   'memory-cache': [ '0.2.0' ],
96 silly audit   'merge-stream': [ '2.0.0' ],
96 silly audit   merge2: [ '1.4.1' ],
96 silly audit   metro: [ '0.80.12' ],
96 silly audit   'metro-babel-transformer': [ '0.80.12' ],
96 silly audit   'metro-cache': [ '0.80.12' ],
96 silly audit   'metro-cache-key': [ '0.80.12' ],
96 silly audit   'metro-config': [ '0.80.12' ],
96 silly audit   'metro-core': [ '0.80.12' ],
96 silly audit   'metro-file-map': [ '0.80.12' ],
96 silly audit   'metro-minify-terser': [ '0.80.12' ],
96 silly audit   'metro-resolver': [ '0.80.12' ],
96 silly audit   'metro-runtime': [ '0.80.12' ],
96 silly audit   'metro-source-map': [ '0.80.12' ],
96 silly audit   'metro-symbolicate': [ '0.80.12' ],
96 silly audit   'metro-transform-plugins': [ '0.80.12' ],
96 silly audit   'metro-transform-worker': [ '0.80.12' ],
96 silly audit   micromatch: [ '4.0.8' ],
96 silly audit   mime: [ '2.6.0', '1.6.0' ],
96 silly audit   'mime-db': [ '1.52.0' ],
96 silly audit   'mime-types': [ '2.1.35' ],
96 silly audit   minimist: [ '1.2.8' ],
96 silly audit   minipass: [ '7.1.2', '3.3.6', '5.0.0' ],
96 silly audit   'minipass-collect': [ '2.0.1' ],
96 silly audit   'minipass-flush': [ '1.0.5' ],
96 silly audit   'minipass-pipeline': [ '1.2.4' ],
96 silly audit   minizlib: [ '2.1.2' ],
96 silly audit   mz: [ '2.7.0' ],
96 silly audit   nanoid: [ '3.3.11' ],
96 silly audit   'natural-compare': [ '1.4.0' ],
96 silly audit   'neo-async': [ '2.6.2' ],
96 silly audit   'nested-error-stacks': [ '2.0.1' ],
96 silly audit   'nice-try': [ '1.0.5' ],
96 silly audit   nocache: [ '3.0.4' ],
96 silly audit   'node-abort-controller': [ '3.1.1' ],
96 silly audit   'node-dir': [ '0.1.17' ],
96 silly audit   'node-fetch': [ '2.7.0' ],
96 silly audit   'node-forge': [ '1.3.3' ],
96 silly audit   'node-int64': [ '0.4.0' ],
96 silly audit   'node-releases': [ '2.0.27' ],
96 silly audit   'node-stream-zip': [ '1.15.0' ],
96 silly audit   'normalize-path': [ '3.0.0' ],
96 silly audit   nullthrows: [ '1.1.1' ],
96 silly audit   ob1: [ '0.80.12' ],
96 silly audit   'object-assign': [ '4.1.1' ],
96 silly audit   'object-inspect': [ '1.13.4' ],
96 silly audit   'object-keys': [ '1.1.1' ],
96 silly audit   'object.assign': [ '4.1.7' ],
96 silly audit   'on-finished': [ '2.3.0', '2.4.1' ],
96 silly audit   'on-headers': [ '1.1.0' ],
96 silly audit   once: [ '1.4.0' ],
96 silly audit   optionator: [ '0.9.4' ],
96 silly audit   'os-homedir': [ '1.0.2' ],
96 silly audit   'os-tmpdir': [ '1.0.2' ],
96 silly audit   osenv: [ '0.1.5' ],
96 silly audit   'own-keys': [ '1.0.1' ],
96 silly audit   'p-finally': [ '1.0.0' ],
96 silly audit   'p-map': [ '4.0.0' ],
96 silly audit   'p-try': [ '2.2.0' ],
96 silly audit   'package-json-from-dist': [ '1.0.1' ],
96 silly audit   'parent-module': [ '1.0.1' ],
96 silly audit   'parse-json': [ '4.0.0' ],
96 silly audit   'parse-png': [ '2.1.0' ],
96 silly audit   parseurl: [ '1.3.3' ],
96 silly audit   'path-exists': [ '4.0.0', '3.0.0' ],
96 silly audit   'path-is-absolute': [ '1.0.1' ],
96 silly audit   'path-parse': [ '1.0.7' ],
96 silly audit   'path-scurry': [ '1.11.1' ],
96 silly audit   'path-type': [ '4.0.0' ],
96 silly audit   picocolors: [ '1.1.1' ],
96 silly audit   pify: [ '4.0.1' ],
96 silly audit   pirates: [ '4.0.7' ],
96 silly audit   'pkg-dir': [ '3.0.0' ],
96 silly audit   plist: [ '3.1.0' ],
96 silly audit   xmlbuilder: [ '15.1.1', '11.0.1', '14.0.0' ],
96 silly audit   pngjs: [ '3.4.0' ],
96 silly audit   'possible-typed-array-names': [ '1.1.0' ],
96 silly audit   postcss: [ '8.4.49' ],
96 silly audit   'prelude-ls': [ '1.2.1' ],
96 silly audit   'pretty-bytes': [ '5.6.0' ],
96 silly audit   'proc-log': [ '4.2.0' ],
96 silly audit   'process-nextick-args': [ '2.0.1' ],
96 silly audit   progress: [ '2.0.3' ],
96 silly audit   promise: [ '7.3.1', '8.3.0' ],
96 silly audit   prompts: [ '2.4.2' ],
96 silly audit   pump: [ '3.0.3' ],
96 silly audit   punycode: [ '2.3.1' ],
96 silly audit   'qrcode-terminal': [ '0.11.0' ],
96 silly audit   'query-string': [ '7.1.3' ],
96 silly audit   querystring: [ '0.2.1' ],
96 silly audit   queue: [ '6.0.2' ],
96 silly audit   'queue-microtask': [ '1.2.3' ],
96 silly audit   'range-parser': [ '1.2.1' ],
96 silly audit   rc: [ '1.2.8' ],
96 silly audit   'strip-json-comments': [ '2.0.1', '3.1.1' ],
96 silly audit   react: [ '18.2.0' ],
96 silly audit   'react-devtools-core': [ '5.3.2' ],
96 silly audit   'react-freeze': [ '1.0.4' ],
96 silly audit   'react-native': [ '0.74.1' ],
96 silly audit   'react-native-safe-area-context': [ '4.14.1' ],
96 silly audit   'react-native-screens': [ '3.37.0' ],
96 silly audit   'react-shallow-renderer': [ '16.15.0' ],
96 silly audit   'safe-buffer': [ '5.1.2', '5.2.1' ],
96 silly audit   readline: [ '1.3.0' ],
96 silly audit   recast: [ '0.21.5' ],
96 silly audit   'reflect.getprototypeof': [ '1.0.10' ],
96 silly audit   regenerate: [ '1.4.2' ],
96 silly audit   'regenerate-unicode-properties': [ '10.2.2' ],
96 silly audit   'regenerator-runtime': [ '0.13.11' ],
96 silly audit   'regexp.prototype.flags': [ '1.5.4' ],
96 silly audit   'regexpu-core': [ '6.4.0' ],
96 silly audit   regjsgen: [ '0.8.0' ],
96 silly audit   regjsparser: [ '0.13.0' ],
96 silly audit   'remove-trailing-slash': [ '0.1.1' ],
96 silly audit   'require-directory': [ '2.1.1' ],
96 silly audit   'require-from-string': [ '2.0.2' ],
96 silly audit   'require-main-filename': [ '2.0.0' ],
96 silly audit   requireg: [ '0.2.2' ],
96 silly audit   resolve: [ '1.7.1', '1.22.11' ],
96 silly audit   'resolve-workspace-root': [ '2.0.1' ],
96 silly audit   'resolve.exports': [ '2.0.3' ],
96 silly audit   reusify: [ '1.1.0' ],
96 silly audit   rimraf: [ '3.0.2', '2.6.3' ],
96 silly audit   'run-parallel': [ '1.2.0' ],
96 silly audit   'safe-array-concat': [ '1.1.3' ],
96 silly audit   'safe-push-apply': [ '1.0.0' ],
96 silly audit   'safe-regex-test': [ '1.1.0' ],
96 silly audit   sax: [ '1.4.4' ],
96 silly audit   scheduler: [ '0.24.0-canary-efb381bbf-20230505', '0.23.2' ],
96 silly audit   selfsigned: [ '2.4.1' ],
96 silly audit   send: [ '0.18.0', '0.19.2' ],
96 silly audit   'serialize-error': [ '2.1.0' ],
96 silly audit   'serve-static': [ '1.16.3' ],
96 silly audit   'set-blocking': [ '2.0.0' ],
96 silly audit   'set-function-length': [ '1.2.2' ],
96 silly audit   'set-function-name': [ '2.0.2' ],
96 silly audit   'set-proto': [ '1.0.0' ],
96 silly audit   setimmediate: [ '1.0.5' ],
96 silly audit   setprototypeof: [ '1.2.0' ],
96 silly audit   'shallow-clone': [ '3.0.1' ],
96 silly audit   'shell-quote': [ '1.8.3' ],
96 silly audit   'side-channel': [ '1.1.0' ],
96 silly audit   'side-channel-list': [ '1.0.0' ],
96 silly audit   'side-channel-map': [ '1.0.1' ],
96 silly audit   'side-channel-weakmap': [ '1.0.2' ],
96 silly audit   'simple-plist': [ '1.3.1' ],
96 silly audit   sisteransi: [ '1.0.5' ],
96 silly audit   slash: [ '3.0.0' ],
96 silly audit   'slice-ansi': [ '2.1.0' ],
96 silly audit   slugify: [ '1.6.6' ],
96 silly audit   'source-map-js': [ '1.2.1' ],
96 silly audit   'source-map-support': [ '0.5.21' ],
96 silly audit   'split-on-first': [ '1.1.0' ],
96 silly audit   'sprintf-js': [ '1.0.3' ],
96 silly audit   ssri: [ '10.0.6' ],
96 silly audit   'stack-utils': [ '2.0.6' ],
96 silly audit   stackframe: [ '1.3.4' ],
96 silly audit   'stacktrace-parser': [ '0.1.11' ],
96 silly audit   'stop-iteration-iterator': [ '1.1.0' ],
96 silly audit   'stream-buffers': [ '2.2.0' ],
96 silly audit   'strict-uri-encode': [ '2.0.0' ],
96 silly audit   string_decoder: [ '1.1.1' ],
96 silly audit   'string.prototype.trim': [ '1.2.10' ],
96 silly audit   'string.prototype.trimend': [ '1.0.9' ],
96 silly audit   'string.prototype.trimstart': [ '1.0.8' ],
96 silly audit   'strip-eof': [ '1.0.0' ],
96 silly audit   'strip-final-newline': [ '2.0.0' ],
96 silly audit   strnum: [ '1.1.2' ],
96 silly audit   'structured-headers': [ '0.4.1' ],
96 silly audit   sucrase: [ '3.34.0' ],
96 silly audit   'sudo-prompt': [ '9.2.1' ],
96 silly audit   'supports-hyperlinks': [ '2.3.0' ],
96 silly audit   'supports-preserve-symlinks-flag': [ '1.0.0' ],
96 silly audit   tar: [ '6.2.1' ],
96 silly audit   temp: [ '0.8.4' ],
96 silly audit   'terminal-link': [ '2.1.1' ],
96 silly audit   terser: [ '5.46.0' ],
96 silly audit   'text-table': [ '0.2.0' ],
96 silly audit   thenify: [ '3.3.1' ],
96 silly audit   'thenify-all': [ '1.6.0' ],
96 silly audit   throat: [ '5.0.0' ],
96 silly audit   through2: [ '2.0.5' ],
96 silly audit   tmpl: [ '1.0.5' ],
96 silly audit   'to-regex-range': [ '5.0.1' ],
96 silly audit   toidentifier: [ '1.0.1' ],
96 silly audit   tr46: [ '0.0.3' ],
96 silly audit   traverse: [ '0.6.11' ],
96 silly audit   'trim-right': [ '1.0.1' ],
96 silly audit   'ts-api-utils': [ '1.4.3' ],
96 silly audit   'ts-interface-checker': [ '0.1.13' ],
96 silly audit   tslib: [ '2.8.1' ],
96 silly audit   'type-check': [ '0.4.0' ],
96 silly audit   'type-detect': [ '4.0.8' ],
96 silly audit   'typed-array-buffer': [ '1.0.3' ],
96 silly audit   'typed-array-byte-length': [ '1.0.3' ],
96 silly audit   'typed-array-byte-offset': [ '1.0.4' ],
96 silly audit   'typed-array-length': [ '1.0.7' ],
96 silly audit   'typedarray.prototype.slice': [ '1.0.5' ],
96 silly audit   typescript: [ '5.9.3' ],
96 silly audit   'ua-parser-js': [ '1.0.41' ],
96 silly audit   'unbox-primitive': [ '1.1.0' ],
96 silly audit   'undici-types': [ '5.26.5' ],
96 silly audit   'unicode-canonical-property-names-ecmascript': [ '2.0.1' ],
96 silly audit   'unicode-match-property-ecmascript': [ '2.0.0' ],
96 silly audit   'unicode-match-property-value-ecmascript': [ '2.2.1' ],
96 silly audit   'unicode-property-aliases-ecmascript': [ '2.2.0' ],
96 silly audit   'unique-filename': [ '3.0.0' ],
96 silly audit   'unique-slug': [ '4.0.0' ],
96 silly audit   unpipe: [ '1.0.0' ],
96 silly audit   'update-browserslist-db': [ '1.2.3' ],
96 silly audit   'uri-js': [ '4.4.1' ],
96 silly audit   'url-join': [ '4.0.0' ],
96 silly audit   'use-latest-callback': [ '0.2.6' ],
96 silly audit   'util-deprecate': [ '1.0.2' ],
96 silly audit   'utils-merge': [ '1.0.1' ],
96 silly audit   uuid: [ '8.3.2', '7.0.3' ],
96 silly audit   'valid-url': [ '1.0.9' ],
96 silly audit   vary: [ '1.1.2' ],
96 silly audit   vlq: [ '1.0.1' ],
96 silly audit   walker: [ '1.0.8' ],
96 silly audit   'warn-once': [ '0.1.1' ],
96 silly audit   wcwidth: [ '1.0.1' ],
96 silly audit   'webidl-conversions': [ '3.0.1', '5.0.0' ],
96 silly audit   'whatwg-fetch': [ '3.6.20' ],
96 silly audit   'whatwg-url': [ '5.0.0' ],
96 silly audit   'whatwg-url-without-unicode': [ '8.0.0-3' ],
96 silly audit   'which-boxed-primitive': [ '1.1.1' ],
96 silly audit   'which-builtin-type': [ '1.2.1' ],
96 silly audit   'which-collection': [ '1.0.2' ],
96 silly audit   'which-module': [ '2.0.1' ],
96 silly audit   'which-typed-array': [ '1.1.20' ],
96 silly audit   wonka: [ '4.0.15' ],
96 silly audit   'word-wrap': [ '1.2.5' ],
96 silly audit   wrappy: [ '1.0.2' ],
96 silly audit   'write-file-atomic': [ '2.4.3' ],
96 silly audit   xcode: [ '3.0.1' ],
96 silly audit   xml2js: [ '0.6.0' ],
96 silly audit   xtend: [ '4.0.2' ],
96 silly audit   yaml: [ '2.8.2' ],
96 silly audit   'yocto-queue': [ '0.1.0' ],
96 silly audit   zod: [ '3.25.76' ],
96 silly audit   'zod-validation-error': [ '2.1.0' ],
96 silly audit   '@expo/metro-runtime': [ '3.2.3' ],
96 silly audit   'react-dom': [ '18.2.0' ],
96 silly audit   'react-native-web': [ '0.19.13' ],
96 silly audit   'inline-style-prefixer': [ '6.0.4' ],
96 silly audit   'postcss-value-parser': [ '4.2.0' ],
96 silly audit   styleq: [ '0.1.3' ],
96 silly audit   'css-in-js-utils': [ '3.1.0' ],
96 silly audit   'fast-loops': [ '1.1.4' ],
96 silly audit   'hyphenate-style-name': [ '1.1.0' ]
96 silly audit }
97 verbose reify failed optional dependency /Users/ayou/Desktop/Bolo-Fashion/node_modules/lightningcss-win32-x64-msvc
98 silly reify mark deleted [
98 silly reify   '/Users/ayou/Desktop/Bolo-Fashion/node_modules/lightningcss-win32-x64-msvc'
98 silly reify ]
99 verbose reify failed optional dependency /Users/ayou/Desktop/Bolo-Fashion/node_modules/lightningcss-linux-x64-musl
100 silly reify mark deleted [
100 silly reify   '/Users/ayou/Desktop/Bolo-Fashion/node_modules/lightningcss-linux-x64-musl'
100 silly reify ]
101 verbose reify failed optional dependency /Users/ayou/Desktop/Bolo-Fashion/node_modules/lightningcss-linux-x64-gnu
102 silly reify mark deleted [
102 silly reify   '/Users/ayou/Desktop/Bolo-Fashion/node_modules/lightningcss-linux-x64-gnu'
102 silly reify ]
103 verbose reify failed optional dependency /Users/ayou/Desktop/Bolo-Fashion/node_modules/lightningcss-linux-arm64-musl
104 silly reify mark deleted [
104 silly reify   '/Users/ayou/Desktop/Bolo-Fashion/node_modules/lightningcss-linux-arm64-musl'
104 silly reify ]
105 verbose reify failed optional dependency /Users/ayou/Desktop/Bolo-Fashion/node_modules/lightningcss-linux-arm64-gnu
106 silly reify mark deleted [
106 silly reify   '/Users/ayou/Desktop/Bolo-Fashion/node_modules/lightningcss-linux-arm64-gnu'
106 silly reify ]
107 verbose reify failed optional dependency /Users/ayou/Desktop/Bolo-Fashion/node_modules/lightningcss-linux-arm-gnueabihf
108 silly reify mark deleted [
108 silly reify   '/Users/ayou/Desktop/Bolo-Fashion/node_modules/lightningcss-linux-arm-gnueabihf'
108 silly reify ]
109 verbose reify failed optional dependency /Users/ayou/Desktop/Bolo-Fashion/node_modules/lightningcss-darwin-arm64
110 silly reify mark deleted [
110 silly reify   '/Users/ayou/Desktop/Bolo-Fashion/node_modules/lightningcss-darwin-arm64'
110 silly reify ]
111 timing reifyNode:node_modules/lightningcss-win32-x64-msvc Completed in 16ms
112 timing reifyNode:node_modules/lightningcss-linux-x64-musl Completed in 16ms
113 timing reifyNode:node_modules/lightningcss-linux-x64-gnu Completed in 16ms
114 timing reifyNode:node_modules/lightningcss-linux-arm64-musl Completed in 16ms
115 timing reifyNode:node_modules/lightningcss-linux-arm64-gnu Completed in 16ms
116 timing reifyNode:node_modules/lightningcss-linux-arm-gnueabihf Completed in 16ms
117 timing reifyNode:node_modules/lightningcss-darwin-arm64 Completed in 15ms
118 silly tarball no local data for fast-loops@https://registry.npmjs.org/fast-loops/-/fast-loops-1.1.4.tgz. Extracting by manifest.
119 silly tarball no local data for css-in-js-utils@https://registry.npmjs.org/css-in-js-utils/-/css-in-js-utils-3.1.0.tgz. Extracting by manifest.
120 silly tarball no local data for postcss-value-parser@https://registry.npmjs.org/postcss-value-parser/-/postcss-value-parser-4.2.0.tgz. Extracting by manifest.
121 silly tarball no local data for hyphenate-style-name@https://registry.npmjs.org/hyphenate-style-name/-/hyphenate-style-name-1.1.0.tgz. Extracting by manifest.
122 silly tarball no local data for inline-style-prefixer@https://registry.npmjs.org/inline-style-prefixer/-/inline-style-prefixer-6.0.4.tgz. Extracting by manifest.
123 silly tarball no local data for styleq@https://registry.npmjs.org/styleq/-/styleq-0.1.3.tgz. Extracting by manifest.
124 silly tarball no local data for react-dom@https://registry.npmjs.org/react-dom/-/react-dom-18.2.0.tgz. Extracting by manifest.
125 silly tarball no local data for react-native-web@https://registry.npmjs.org/react-native-web/-/react-native-web-0.19.13.tgz. Extracting by manifest.
126 silly tarball no local data for @expo/metro-runtime@https://registry.npmjs.org/@expo/metro-runtime/-/metro-runtime-3.2.3.tgz. Extracting by manifest.
127 silly tarball no local data for memoize-one@https://registry.npmjs.org/memoize-one/-/memoize-one-6.0.0.tgz. Extracting by manifest.
128 silly tarball no local data for scheduler@https://registry.npmjs.org/scheduler/-/scheduler-0.23.2.tgz. Extracting by manifest.
129 http fetch GET 200 https://registry.npmjs.org/hyphenate-style-name/-/hyphenate-style-name-1.1.0.tgz 159ms (cache miss)
130 timing reifyNode:node_modules/hyphenate-style-name Completed in 197ms
131 http fetch GET 200 https://registry.npmjs.org/fast-loops/-/fast-loops-1.1.4.tgz 177ms (cache miss)
132 http fetch GET 200 https://registry.npmjs.org/postcss-value-parser/-/postcss-value-parser-4.2.0.tgz 237ms (cache miss)
133 timing reifyNode:node_modules/postcss-value-parser Completed in 273ms
134 timing reifyNode:node_modules/fast-loops Completed in 390ms
135 http fetch GET 200 https://registry.npmjs.org/css-in-js-utils/-/css-in-js-utils-3.1.0.tgz 356ms (cache miss)
136 timing reifyNode:node_modules/css-in-js-utils Completed in 410ms
137 http fetch POST 200 https://registry.npmjs.org/-/npm/v1/security/advisories/bulk 530ms
138 timing auditReport:getReport Completed in 551ms
139 silly audit report {
139 silly audit report   send: [
139 silly audit report     {
139 silly audit report       id: 1109556,
139 silly audit report       url: 'https://github.com/advisories/GHSA-m6fv-jmcg-4jfg',
139 silly audit report       title: 'send vulnerable to template injection that can lead to XSS',
139 silly audit report       severity: 'low',
139 silly audit report       vulnerable_versions: '<0.19.0',
139 silly audit report       cwe: [Array],
139 silly audit report       cvss: [Object]
139 silly audit report     }
139 silly audit report   ],
139 silly audit report   tar: [
139 silly audit report     {
139 silly audit report       id: 1112255,
139 silly audit report       url: 'https://github.com/advisories/GHSA-8qq5-rm4j-mr97',
139 silly audit report       title: 'node-tar is Vulnerable to Arbitrary File Overwrite and Symlink Poisoning via Insufficient Path Sanitization',
139 silly audit report       severity: 'high',
139 silly audit report       vulnerable_versions: '<=7.5.2',
139 silly audit report       cwe: [Array],
139 silly audit report       cvss: [Object]
139 silly audit report     }
139 silly audit report   ]
139 silly audit report }
140 timing metavuln:cache:get:security-advisory:send:8NP35PpfDEVbqnzPdc9zuVQOxwpjeCWA/vn7Q9SplgLVmZPjGaDssuEM0QllxNS2U4IM79h+Qp8GEO0schn/xw== Completed in 23ms
141 timing metavuln:cache:get:security-advisory:tar:XkIoP7Nf5iKP9YjMhFMb4neCa/uLRHRkTYo4Mvfph4wiuO48y3y1Gluh8DODgoAL3QlAsmTvISh8PEMP/u+YXA== Completed in 22ms
142 http fetch GET 200 https://registry.npmjs.org/inline-style-prefixer/-/inline-style-prefixer-6.0.4.tgz 600ms (cache miss)
143 timing reifyNode:node_modules/inline-style-prefixer Completed in 636ms
144 http fetch GET 200 https://registry.npmjs.org/styleq/-/styleq-0.1.3.tgz 622ms (cache miss)
145 timing reifyNode:node_modules/styleq Completed in 661ms
146 http fetch GET 200 https://registry.npmjs.org/tar 346ms (cache revalidated)
147 timing metavuln:packument:tar Completed in 348ms
148 timing metavuln:load:security-advisory:tar:1112255 Completed in 7ms
149 timing metavuln:calculate:security-advisory:tar:1112255 Completed in 356ms
150 http fetch GET 200 https://registry.npmjs.org/send 524ms (cache revalidated)
151 timing metavuln:packument:send Completed in 526ms
152 timing metavuln:load:security-advisory:send:1109556 Completed in 5ms
153 timing metavuln:calculate:security-advisory:send:1109556 Completed in 531ms
154 timing metavuln:cache:get:security-advisory:@expo/cli:PrXOrLmV5nnCn+Z0srlkyEHCyjYPrbghxAa3X3SeXGenvL7qY/qd8mSfEVF8X6H0HjXTcgoZzmqgOb8u2CEndQ== Completed in 55ms
155 http fetch GET 200 https://registry.npmjs.org/scheduler/-/scheduler-0.23.2.tgz 1163ms (cache miss)
156 timing reifyNode:node_modules/react-dom/node_modules/scheduler Completed in 1212ms
157 http fetch GET 200 https://registry.npmjs.org/memoize-one/-/memoize-one-6.0.0.tgz 1173ms (cache miss)
158 timing reifyNode:node_modules/react-native-web/node_modules/memoize-one Completed in 1213ms
159 http fetch GET 200 https://registry.npmjs.org/react-dom/-/react-dom-18.2.0.tgz 1609ms (cache miss)
160 timing reifyNode:node_modules/react-dom Completed in 1646ms
161 http fetch GET 200 https://registry.npmjs.org/@expo%2fcli 1344ms (cache revalidated)
162 timing metavuln:packument:@expo/cli Completed in 1405ms
163 timing metavuln:load:security-advisory:@expo/cli:8NP35PpfDEVbqnzPdc9zuVQOxwpjeCWA/vn7Q9SplgLVmZPjGaDssuEM0QllxNS2U4IM79h+Qp8GEO0schn/xw== Completed in 118ms
164 timing metavuln:calculate:security-advisory:@expo/cli:8NP35PpfDEVbqnzPdc9zuVQOxwpjeCWA/vn7Q9SplgLVmZPjGaDssuEM0QllxNS2U4IM79h+Qp8GEO0schn/xw== Completed in 1523ms
165 timing metavuln:cache:get:security-advisory:cacache:ZKKH6FeXVezCkmJxNdr8cb+cWhdTHbx9sSvBVh7Bt05r2WZFpcN8lnj7uzmuMTQ5c3MUcojkQiyKj2o2hwlvNQ== Completed in 20ms
166 timing metavuln:cache:get:security-advisory:@expo/cli:iOciXN1/uxN12UxeTmJim8cO8yvbc5u91MLvytlbSyGcTY+CAD+nsubNF7Emo3vCF07vbLUc09FJoSpHZoNu7Q== Completed in 21ms
167 timing metavuln:load:security-advisory:@expo/cli:XkIoP7Nf5iKP9YjMhFMb4neCa/uLRHRkTYo4Mvfph4wiuO48y3y1Gluh8DODgoAL3QlAsmTvISh8PEMP/u+YXA== Completed in 12ms
168 timing metavuln:calculate:security-advisory:@expo/cli:XkIoP7Nf5iKP9YjMhFMb4neCa/uLRHRkTYo4Mvfph4wiuO48y3y1Gluh8DODgoAL3QlAsmTvISh8PEMP/u+YXA== Completed in 33ms
169 http fetch GET 200 https://registry.npmjs.org/@expo/metro-runtime/-/metro-runtime-3.2.3.tgz 2611ms (cache miss)
170 timing reifyNode:node_modules/@expo/metro-runtime Completed in 2650ms
171 http fetch GET 200 https://registry.npmjs.org/cacache 96ms (cache revalidated)
172 timing metavuln:packument:cacache Completed in 99ms
173 timing metavuln:load:security-advisory:cacache:XkIoP7Nf5iKP9YjMhFMb4neCa/uLRHRkTYo4Mvfph4wiuO48y3y1Gluh8DODgoAL3QlAsmTvISh8PEMP/u+YXA== Completed in 0ms
174 timing metavuln:calculate:security-advisory:cacache:XkIoP7Nf5iKP9YjMhFMb4neCa/uLRHRkTYo4Mvfph4wiuO48y3y1Gluh8DODgoAL3QlAsmTvISh8PEMP/u+YXA== Completed in 99ms
175 timing metavuln:cache:get:security-advisory:expo:33NbuAqv8hznUypphrex7pcAK7E8kQjmYniAH2Swt5AcM1Zjdlgq6GaJZoDo2u0EOYM5e62mAxW7AiwnNY3a2A== Completed in 145ms
176 http fetch GET 200 https://registry.npmjs.org/expo 435ms (cache revalidated)
177 timing metavuln:packument:expo Completed in 474ms
178 timing metavuln:load:security-advisory:expo:PrXOrLmV5nnCn+Z0srlkyEHCyjYPrbghxAa3X3SeXGenvL7qY/qd8mSfEVF8X6H0HjXTcgoZzmqgOb8u2CEndQ== Completed in 7ms
179 timing metavuln:calculate:security-advisory:expo:PrXOrLmV5nnCn+Z0srlkyEHCyjYPrbghxAa3X3SeXGenvL7qY/qd8mSfEVF8X6H0HjXTcgoZzmqgOb8u2CEndQ== Completed in 484ms
180 timing metavuln:cache:get:security-advisory:@expo/cli:2EmvjjBSSau+e+HG6reOXlH55N7kMKBSe9VvH3KT9hDiU8ESZrtaLDDSY3yJ3dCmomsJrhftyG5bU3pOJUv5SA== Completed in 19ms
181 timing metavuln:load:security-advisory:@expo/cli:ZKKH6FeXVezCkmJxNdr8cb+cWhdTHbx9sSvBVh7Bt05r2WZFpcN8lnj7uzmuMTQ5c3MUcojkQiyKj2o2hwlvNQ== Completed in 2ms
182 timing metavuln:calculate:security-advisory:@expo/cli:ZKKH6FeXVezCkmJxNdr8cb+cWhdTHbx9sSvBVh7Bt05r2WZFpcN8lnj7uzmuMTQ5c3MUcojkQiyKj2o2hwlvNQ== Completed in 21ms
183 timing metavuln:cache:get:security-advisory:expo-constants:xJIoqjl9ajwWvDKsUMpg28gDd19o/S8ZdgDZANSJ5Tv37Ti7K8Ev4QMhf9ANP7S4dWIXmQymT7rOOt6yqNzSIA== Completed in 35ms
184 timing metavuln:cache:get:security-advisory:expo-image-picker:T0f75y+F20LnyG5kNWogAaRbYDZGQKcbR0DctNwPtxHUAtObtv260PLlrUTU4rPiOTwsElWJXcfTA2VsYC5PIA== Completed in 31ms
185 timing metavuln:cache:get:security-advisory:expo-asset:IEdJHDJ619HmH8DUUOZCRF4O2tG2rBTCKvEUTFURndnmXERwYJYtXj8npgAilHTGdMua1vlsce2u2xd1V53THg== Completed in 44ms
186 timing metavuln:cache:get:security-advisory:expo-file-system:iUoLFiXwF3CRfMZxv7NVNebYgm4Bt5st602Qh1WyEI7+Sx1pMXeMa4Toirlo+KfZdEOZosXKYf4x54go8OUkqg== Completed in 36ms
187 timing metavuln:cache:get:security-advisory:expo-keep-awake:5IJ6d0MGqkTUoR3Gvi5urgk4l6hUsLaai/WI5heMvYQjRjnl3q7SSeYlydB2aZlNdyeIO+TssV9HBeXIPWJBHw== Completed in 34ms
188 timing metavuln:cache:get:security-advisory:expo-font:2u9B5LYznLGrIl8ACla52Hzxy4T7v7n6+1s/LIJMcBpJawzj2sVF+d/if7C/SzDBaLkbMWMHuenhMuQwI1Ub9A== Completed in 54ms
189 timing metavuln:cache:get:security-advisory:expo-image-loader:S0v56rUgBgftmYGmE8Y1o8X8ysRTsDYgZ1cYeFpN+IXhFIzIqBPFbhzL0e7HyeJnglUOB8Nu7XsDDrpfQSstXw== Completed in 53ms
190 http fetch GET 200 https://registry.npmjs.org/expo-image-picker 357ms (cache revalidated)
191 timing metavuln:packument:expo-image-picker Completed in 359ms
192 timing metavuln:load:security-advisory:expo-image-picker:33NbuAqv8hznUypphrex7pcAK7E8kQjmYniAH2Swt5AcM1Zjdlgq6GaJZoDo2u0EOYM5e62mAxW7AiwnNY3a2A== Completed in 2ms
193 timing metavuln:calculate:security-advisory:expo-image-picker:33NbuAqv8hznUypphrex7pcAK7E8kQjmYniAH2Swt5AcM1Zjdlgq6GaJZoDo2u0EOYM5e62mAxW7AiwnNY3a2A== Completed in 361ms
194 http fetch GET 200 https://registry.npmjs.org/expo-file-system 368ms (cache revalidated)
195 timing metavuln:packument:expo-file-system Completed in 371ms
196 timing metavuln:load:security-advisory:expo-file-system:33NbuAqv8hznUypphrex7pcAK7E8kQjmYniAH2Swt5AcM1Zjdlgq6GaJZoDo2u0EOYM5e62mAxW7AiwnNY3a2A== Completed in 0ms
197 timing metavuln:calculate:security-advisory:expo-file-system:33NbuAqv8hznUypphrex7pcAK7E8kQjmYniAH2Swt5AcM1Zjdlgq6GaJZoDo2u0EOYM5e62mAxW7AiwnNY3a2A== Completed in 372ms
198 http fetch GET 200 https://registry.npmjs.org/expo-image-loader 370ms (cache revalidated)
199 timing metavuln:packument:expo-image-loader Completed in 371ms
200 timing metavuln:load:security-advisory:expo-image-loader:33NbuAqv8hznUypphrex7pcAK7E8kQjmYniAH2Swt5AcM1Zjdlgq6GaJZoDo2u0EOYM5e62mAxW7AiwnNY3a2A== Completed in 1ms
201 timing metavuln:calculate:security-advisory:expo-image-loader:33NbuAqv8hznUypphrex7pcAK7E8kQjmYniAH2Swt5AcM1Zjdlgq6GaJZoDo2u0EOYM5e62mAxW7AiwnNY3a2A== Completed in 372ms
202 http fetch GET 200 https://registry.npmjs.org/expo-constants 439ms (cache revalidated)
203 timing metavuln:packument:expo-constants Completed in 442ms
204 timing metavuln:load:security-advisory:expo-constants:33NbuAqv8hznUypphrex7pcAK7E8kQjmYniAH2Swt5AcM1Zjdlgq6GaJZoDo2u0EOYM5e62mAxW7AiwnNY3a2A== Completed in 1ms
205 timing metavuln:calculate:security-advisory:expo-constants:33NbuAqv8hznUypphrex7pcAK7E8kQjmYniAH2Swt5AcM1Zjdlgq6GaJZoDo2u0EOYM5e62mAxW7AiwnNY3a2A== Completed in 446ms
206 http fetch GET 200 https://registry.npmjs.org/expo-font 470ms (cache revalidated)
207 timing metavuln:packument:expo-font Completed in 473ms
208 timing metavuln:load:security-advisory:expo-font:33NbuAqv8hznUypphrex7pcAK7E8kQjmYniAH2Swt5AcM1Zjdlgq6GaJZoDo2u0EOYM5e62mAxW7AiwnNY3a2A== Completed in 0ms
209 timing metavuln:calculate:security-advisory:expo-font:33NbuAqv8hznUypphrex7pcAK7E8kQjmYniAH2Swt5AcM1Zjdlgq6GaJZoDo2u0EOYM5e62mAxW7AiwnNY3a2A== Completed in 542ms
210 http fetch GET 200 https://registry.npmjs.org/expo-keep-awake 788ms (cache revalidated)
211 timing metavuln:packument:expo-keep-awake Completed in 790ms
212 timing metavuln:load:security-advisory:expo-keep-awake:33NbuAqv8hznUypphrex7pcAK7E8kQjmYniAH2Swt5AcM1Zjdlgq6GaJZoDo2u0EOYM5e62mAxW7AiwnNY3a2A== Completed in 2ms
213 timing metavuln:calculate:security-advisory:expo-keep-awake:33NbuAqv8hznUypphrex7pcAK7E8kQjmYniAH2Swt5AcM1Zjdlgq6GaJZoDo2u0EOYM5e62mAxW7AiwnNY3a2A== Completed in 792ms
214 http fetch GET 200 https://registry.npmjs.org/expo-asset 833ms (cache revalidated)
215 timing metavuln:packument:expo-asset Completed in 838ms
216 timing metavuln:load:security-advisory:expo-asset:33NbuAqv8hznUypphrex7pcAK7E8kQjmYniAH2Swt5AcM1Zjdlgq6GaJZoDo2u0EOYM5e62mAxW7AiwnNY3a2A== Completed in 2ms
217 timing metavuln:calculate:security-advisory:expo-asset:33NbuAqv8hznUypphrex7pcAK7E8kQjmYniAH2Swt5AcM1Zjdlgq6GaJZoDo2u0EOYM5e62mAxW7AiwnNY3a2A== Completed in 840ms
218 timing auditReport:init Completed in 3535ms
219 timing reify:audit Completed in 4089ms
220 http fetch GET 200 https://registry.npmjs.org/react-native-web/-/react-native-web-0.19.13.tgz 5463ms (cache miss)
221 timing reifyNode:node_modules/react-native-web Completed in 5503ms
222 timing reify:unpack Completed in 5506ms
223 timing reify:unretire Completed in 0ms
224 timing build:queue Completed in 1ms
225 timing build:deps Completed in 1ms
226 timing build Completed in 1ms
227 timing reify:build Completed in 2ms
228 timing reify:trash Completed in 2ms
229 timing reify:save Completed in 2289ms
230 timing reify Completed in 19182ms
231 silly ADD node_modules/hyphenate-style-name
232 silly ADD node_modules/fast-loops
233 silly ADD node_modules/css-in-js-utils
234 silly ADD node_modules/styleq
235 silly ADD node_modules/postcss-value-parser
236 silly ADD node_modules/inline-style-prefixer
237 silly ADD node_modules/react-native-web
238 silly ADD node_modules/react-native-web/node_modules/memoize-one
239 silly ADD node_modules/react-dom
240 silly ADD node_modules/react-dom/node_modules/scheduler
241 silly ADD node_modules/@expo/metro-runtime
242 silly ADD
243 silly ADD
244 silly ADD
245 silly ADD
246 silly ADD
247 silly ADD
248 silly ADD
249 timing command:install Completed in 19711ms
250 verbose exit 0
251 timing npm Completed in 20654ms
252 info ok
