0 verbose cli /usr/local/bin/node /usr/local/bin/npm
1 info using npm@10.2.4
2 info using node@v20.11.1
3 timing npm:load:whichnode Completed in 4ms
4 timing config:load:defaults Completed in 2ms
5 timing config:load:file:/usr/local/lib/node_modules/npm/npmrc Completed in 3ms
6 timing config:load:builtin Completed in 3ms
7 timing config:load:cli Completed in 2ms
8 timing config:load:env Completed in 0ms
9 timing config:load:project Completed in 7ms
10 timing config:load:file:/Users/ayou/Desktop/Bolo-Fashion/.npmrc Completed in 0ms
11 timing config:load:user Completed in 0ms
12 timing config:load:file:/usr/local/etc/npmrc Completed in 0ms
13 timing config:load:global Completed in 0ms
14 timing config:load:setEnvs Completed in 1ms
15 timing config:load Completed in 17ms
16 timing npm:load:configload Completed in 18ms
17 timing config:load:flatten Completed in 11ms
18 timing npm:load:mkdirpcache Completed in 3ms
19 timing npm:load:mkdirplogs Completed in 1ms
20 verbose title npm run web
21 verbose argv "run" "web"
22 timing npm:load:setTitle Completed in 24ms
23 timing npm:load:display Completed in 0ms
24 verbose logfile logs-max:10 dir:/Users/ayou/Desktop/Bolo-Fashion/.npm/_logs/2026-01-20T20_36_43_631Z-
25 verbose logfile /Users/ayou/Desktop/Bolo-Fashion/.npm/_logs/2026-01-20T20_36_43_631Z-debug-0.log
26 timing npm:load:logFile Completed in 15ms
27 timing npm:load:timers Completed in 0ms
28 timing npm:load:configScope Completed in 0ms
29 timing npm:load Completed in 103ms
30 silly logfile done cleaning log files
31 http fetch GET 200 https://registry.npmjs.org/npm 479ms (cache miss)
32 timing command:run Completed in 3725ms
33 notice
33 notice New [31mmajor[39m version of npm available! [31m10.2.4[39m -> [32m11.7.0[39m
33 notice Changelog: [36mhttps://github.com/npm/cli/releases/tag/v11.7.0[39m
33 notice Run [32mnpm install -g npm@11.7.0[39m to update!
33 notice
34 verbose exit 1
35 timing npm Completed in 4209ms
36 verbose code 1
